<testsuites id="" name="" tests="10" failures="0" skipped="0" errors="0" time="16.304773">
<testsuite name="tests/debug-page-structure.spec.ts" timestamp="2025-08-22T01:19:33.451Z" hostname="chromium" tests="1" failures="0" skipped="0" time="3.87" errors="0">
<testcase name="Debug: Check photo-menu page structure" classname="tests/debug-page-structure.spec.ts" time="3.87">
<system-out>
<![CDATA[Found 1 input elements
Input 0: type="text", placeholder="e.g. Mario's Pizza, Sunset Cafe, The Local Bistro", id="restaurantName", class="w-full px-3 py-3 text-lg border rounded-md focus:ring-gray-500 focus:border-gray-500"
Found 1 button elements
Button 0: text="Continue ", class="justify-center whitespace-nowrap rounded-md text-sm font-medium transition-all disabled:pointer-events-none disabled:opacity-50 [&_svg]:pointer-events-none [&_svg:not([class*='size-'])]:size-4 shrink-0 [&_svg]:shrink-0 outline-none focus-visible:border-ring focus-visible:ring-ring/50 focus-visible:ring-[3px] aria-invalid:ring-destructive/20 dark:aria-invalid:ring-destructive/40 aria-invalid:border-destructive bg-primary text-primary-foreground shadow-xs hover:bg-primary/90 h-9 px-4 py-2 has-[>svg]:px-3 flex items-center gap-2"
Page title: "qrunchy"
Current URL: "http://localhost:5173/photo-menu"
]]>
</system-out>
</testcase>
</testsuite>
<testsuite name="tests/simple-flow-test.spec.ts" timestamp="2025-08-22T01:19:33.451Z" hostname="chromium" tests="1" failures="0" skipped="0" time="4.072" errors="0">
<testcase name="Simple Photo Menu Flow Test" classname="tests/simple-flow-test.spec.ts" time="4.072">
<system-out>
<![CDATA[✅ Simple flow test completed - check screenshots for results
]]>
</system-out>
</testcase>
</testsuite>
<testsuite name="tests/debug-page-structure.spec.ts" timestamp="2025-08-22T01:19:33.451Z" hostname="firefox" tests="1" failures="0" skipped="0" time="5.332" errors="0">
<testcase name="Debug: Check photo-menu page structure" classname="tests/debug-page-structure.spec.ts" time="5.332">
<system-out>
<![CDATA[Found 1 input elements
Input 0: type="text", placeholder="e.g. Mario's Pizza, Sunset Cafe, The Local Bistro", id="restaurantName", class="w-full px-3 py-3 text-lg border rounded-md focus:ring-gray-500 focus:border-gray-500"
Found 1 button elements
Button 0: text="Continue ", class="justify-center whitespace-nowrap rounded-md text-sm font-medium transition-all disabled:pointer-events-none disabled:opacity-50 [&_svg]:pointer-events-none [&_svg:not([class*='size-'])]:size-4 shrink-0 [&_svg]:shrink-0 outline-none focus-visible:border-ring focus-visible:ring-ring/50 focus-visible:ring-[3px] aria-invalid:ring-destructive/20 dark:aria-invalid:ring-destructive/40 aria-invalid:border-destructive bg-primary text-primary-foreground shadow-xs hover:bg-primary/90 h-9 px-4 py-2 has-[>svg]:px-3 flex items-center gap-2"
Page title: "qrunchy"
Current URL: "http://localhost:5173/photo-menu"
]]>
</system-out>
</testcase>
</testsuite>
<testsuite name="tests/simple-flow-test.spec.ts" timestamp="2025-08-22T01:19:33.451Z" hostname="firefox" tests="1" failures="0" skipped="0" time="5.486" errors="0">
<testcase name="Simple Photo Menu Flow Test" classname="tests/simple-flow-test.spec.ts" time="5.486">
<system-out>
<![CDATA[✅ Simple flow test completed - check screenshots for results
]]>
</system-out>
</testcase>
</testsuite>
<testsuite name="tests/debug-page-structure.spec.ts" timestamp="2025-08-22T01:19:33.451Z" hostname="webkit" tests="1" failures="0" skipped="0" time="6.127" errors="0">
<testcase name="Debug: Check photo-menu page structure" classname="tests/debug-page-structure.spec.ts" time="6.127">
<system-out>
<![CDATA[Found 1 input elements
Input 0: type="text", placeholder="e.g. Mario's Pizza, Sunset Cafe, The Local Bistro", id="restaurantName", class="w-full px-3 py-3 text-lg border rounded-md focus:ring-gray-500 focus:border-gray-500"
Found 1 button elements
Button 0: text="Continue ", class="justify-center whitespace-nowrap rounded-md text-sm font-medium transition-all disabled:pointer-events-none disabled:opacity-50 [&_svg]:pointer-events-none [&_svg:not([class*='size-'])]:size-4 shrink-0 [&_svg]:shrink-0 outline-none focus-visible:border-ring focus-visible:ring-ring/50 focus-visible:ring-[3px] aria-invalid:ring-destructive/20 dark:aria-invalid:ring-destructive/40 aria-invalid:border-destructive bg-primary text-primary-foreground shadow-xs hover:bg-primary/90 h-9 px-4 py-2 has-[>svg]:px-3 flex items-center gap-2"
Page title: "qrunchy"
Current URL: "http://localhost:5173/photo-menu"
]]>
</system-out>
</testcase>
</testsuite>
<testsuite name="tests/simple-flow-test.spec.ts" timestamp="2025-08-22T01:19:33.451Z" hostname="webkit" tests="1" failures="0" skipped="0" time="5.997" errors="0">
<testcase name="Simple Photo Menu Flow Test" classname="tests/simple-flow-test.spec.ts" time="5.997">
<system-out>
<![CDATA[✅ Simple flow test completed - check screenshots for results
]]>
</system-out>
</testcase>
</testsuite>
<testsuite name="tests/debug-page-structure.spec.ts" timestamp="2025-08-22T01:19:33.451Z" hostname="Mobile Chrome" tests="1" failures="0" skipped="0" time="5.026" errors="0">
<testcase name="Debug: Check photo-menu page structure" classname="tests/debug-page-structure.spec.ts" time="5.026">
<system-out>
<![CDATA[Found 1 input elements
Input 0: type="text", placeholder="e.g. Mario's Pizza, Sunset Cafe, The Local Bistro", id="restaurantName", class="w-full px-3 py-3 text-lg border rounded-md focus:ring-gray-500 focus:border-gray-500"
Found 1 button elements
Button 0: text="Continue ", class="justify-center whitespace-nowrap rounded-md text-sm font-medium transition-all disabled:pointer-events-none disabled:opacity-50 [&_svg]:pointer-events-none [&_svg:not([class*='size-'])]:size-4 shrink-0 [&_svg]:shrink-0 outline-none focus-visible:border-ring focus-visible:ring-ring/50 focus-visible:ring-[3px] aria-invalid:ring-destructive/20 dark:aria-invalid:ring-destructive/40 aria-invalid:border-destructive bg-primary text-primary-foreground shadow-xs hover:bg-primary/90 h-9 px-4 py-2 has-[>svg]:px-3 flex items-center gap-2"
Page title: "qrunchy"
Current URL: "http://localhost:5173/photo-menu"
]]>
</system-out>
</testcase>
</testsuite>
<testsuite name="tests/simple-flow-test.spec.ts" timestamp="2025-08-22T01:19:33.451Z" hostname="Mobile Chrome" tests="1" failures="0" skipped="0" time="4.837" errors="0">
<testcase name="Simple Photo Menu Flow Test" classname="tests/simple-flow-test.spec.ts" time="4.837">
<system-out>
<![CDATA[✅ Simple flow test completed - check screenshots for results
]]>
</system-out>
</testcase>
</testsuite>
<testsuite name="tests/debug-page-structure.spec.ts" timestamp="2025-08-22T01:19:33.451Z" hostname="Mobile Safari" tests="1" failures="0" skipped="0" time="4.558" errors="0">
<testcase name="Debug: Check photo-menu page structure" classname="tests/debug-page-structure.spec.ts" time="4.558">
<system-out>
<![CDATA[Found 1 input elements
Input 0: type="text", placeholder="e.g. Mario's Pizza, Sunset Cafe, The Local Bistro", id="restaurantName", class="w-full px-3 py-3 text-lg border rounded-md focus:ring-gray-500 focus:border-gray-500"
Found 1 button elements
Button 0: text="Continue ", class="justify-center whitespace-nowrap rounded-md text-sm font-medium transition-all disabled:pointer-events-none disabled:opacity-50 [&_svg]:pointer-events-none [&_svg:not([class*='size-'])]:size-4 shrink-0 [&_svg]:shrink-0 outline-none focus-visible:border-ring focus-visible:ring-ring/50 focus-visible:ring-[3px] aria-invalid:ring-destructive/20 dark:aria-invalid:ring-destructive/40 aria-invalid:border-destructive bg-primary text-primary-foreground shadow-xs hover:bg-primary/90 h-9 px-4 py-2 has-[>svg]:px-3 flex items-center gap-2"
Page title: "qrunchy"
Current URL: "http://localhost:5173/photo-menu"
]]>
</system-out>
</testcase>
</testsuite>
<testsuite name="tests/simple-flow-test.spec.ts" timestamp="2025-08-22T01:19:33.451Z" hostname="Mobile Safari" tests="1" failures="0" skipped="0" time="3.556" errors="0">
<testcase name="Simple Photo Menu Flow Test" classname="tests/simple-flow-test.spec.ts" time="3.556">
<system-out>
<![CDATA[✅ Simple flow test completed - check screenshots for results
]]>
</system-out>
</testcase>
</testsuite>
</testsuites>